
===========================================================================
report_checks -path_delay min (Hold)
============================================================================
======================= Typical Corner ===================================

Startpoint: b (input port clocked by __VIRTUAL_CLK__)
Endpoint: y (output port clocked by __VIRTUAL_CLK__)
Path Group: __VIRTUAL_CLK__
Path Type: min

Fanout     Cap    Slew   Delay    Time   Description
-----------------------------------------------------------------------------
                  0.00    0.00    0.00   clock __VIRTUAL_CLK__ (rise edge)
                          0.00    0.00   clock network delay (ideal)
                          0.00    0.00 ^ input external delay
                  0.02    0.01    0.01 ^ b (in)
     1    0.00                           b (net)
                  0.02    0.00    0.01 ^ _1_/A (sky130_fd_sc_hd__and2_4)
                  0.04    0.11    0.12 ^ _1_/X (sky130_fd_sc_hd__and2_4)
     1    0.00                           _0_ (net)
                  0.04    0.00    0.12 ^ _2_/A (sky130_fd_sc_hd__buf_6)
                  0.08    0.12    0.24 ^ _2_/X (sky130_fd_sc_hd__buf_6)
     1    0.03                           y (net)
                  0.08    0.00    0.24 ^ y (out)
                                  0.24   data arrival time

                  0.00    0.00    0.00   clock __VIRTUAL_CLK__ (rise edge)
                          0.00    0.00   clock network delay (ideal)
                          0.25    0.25   clock uncertainty
                          0.00    0.25   clock reconvergence pessimism
                          0.00    0.25   output external delay
                                  0.25   data required time
-----------------------------------------------------------------------------
                                  0.25   data required time
                                 -0.24   data arrival time
-----------------------------------------------------------------------------
                                 -0.01   slack (VIOLATED)



