
===========================================================================
report_checks -path_delay max (Setup)
============================================================================
======================= Typical Corner ===================================

Startpoint: a (input port clocked by __VIRTUAL_CLK__)
Endpoint: y (output port clocked by __VIRTUAL_CLK__)
Path Group: __VIRTUAL_CLK__
Path Type: max

Fanout     Cap    Slew   Delay    Time   Description
-----------------------------------------------------------------------------
                  0.00    0.00    0.00   clock __VIRTUAL_CLK__ (rise edge)
                          0.00    0.00   clock network delay (ideal)
                          0.00    0.00 v input external delay
                  0.01    0.00    0.00 v a (in)
     1    0.00                           a (net)
                  0.01    0.00    0.00 v _1_/B (sky130_fd_sc_hd__and2_4)
                  0.03    0.14    0.15 v _1_/X (sky130_fd_sc_hd__and2_4)
     1    0.00                           _0_ (net)
                  0.03    0.00    0.15 v _2_/A (sky130_fd_sc_hd__buf_6)
                  0.04    0.14    0.28 v _2_/X (sky130_fd_sc_hd__buf_6)
     1    0.03                           y (net)
                  0.04    0.00    0.28 v y (out)
                                  0.28   data arrival time

                  0.00    0.00    0.00   clock __VIRTUAL_CLK__ (rise edge)
                          0.00    0.00   clock network delay (ideal)
                         -0.25   -0.25   clock uncertainty
                          0.00   -0.25   clock reconvergence pessimism
                          0.00   -0.25   output external delay
                                 -0.25   data required time
-----------------------------------------------------------------------------
                                 -0.25   data required time
                                 -0.28   data arrival time
-----------------------------------------------------------------------------
                                 -0.53   slack (VIOLATED)



