
===========================================================================
report_checks -path_delay min (Hold)
============================================================================
======================= Typical Corner ===================================

Startpoint: b (input port clocked by __VIRTUAL_CLK__)
Endpoint: y (output port clocked by __VIRTUAL_CLK__)
Path Group: __VIRTUAL_CLK__
Path Type: min

Fanout     Cap    Slew   Delay    Time   Description
-----------------------------------------------------------------------------
                  0.00    0.00    0.00   clock __VIRTUAL_CLK__ (rise edge)
                          0.00    0.00   clock network delay (ideal)
                          0.00    0.00 v input external delay
                  0.02    0.01    0.01 v b (in)
     1    0.01                           b (net)
                  0.02    0.00    0.01 v _1_/A (sky130_fd_sc_hd__and2_4)
                  0.03    0.12    0.13 v _1_/X (sky130_fd_sc_hd__and2_4)
     1    0.00                           _0_ (net)
                  0.03    0.00    0.13 v _2_/A (sky130_fd_sc_hd__buf_6)
                  0.05    0.12    0.25 v _2_/X (sky130_fd_sc_hd__buf_6)
     1    0.04                           y (net)
                  0.05    0.00    0.25 v y (out)
                                  0.25   data arrival time

                  0.00    0.00    0.00   clock __VIRTUAL_CLK__ (rise edge)
                          0.00    0.00   clock network delay (ideal)
                          0.25    0.25   clock uncertainty
                          0.00    0.25   clock reconvergence pessimism
                          0.00    0.25   output external delay
                                  0.25   data required time
-----------------------------------------------------------------------------
                                  0.25   data required time
                                 -0.25   data arrival time
-----------------------------------------------------------------------------
                                  0.00   slack (MET)



