
===========================================================================
report_checks -path_delay min (Hold)
============================================================================
======================= Typical Corner ===================================

Startpoint: b (input port clocked by __VIRTUAL_CLK__)
Endpoint: y (output port clocked by __VIRTUAL_CLK__)
Path Group: __VIRTUAL_CLK__
Path Type: min

Fanout     Cap    Slew   Delay    Time   Description
-----------------------------------------------------------------------------
                  0.00    0.00    0.00   clock __VIRTUAL_CLK__ (rise edge)
                          0.00    0.00   clock network delay (ideal)
                          0.00    0.00 v input external delay
                  0.01    0.00    0.00 v b (in)
     1    0.00                           b (net)
                  0.01    0.00    0.00 v input2/A (sky130_fd_sc_hd__clkbuf_1)
                  0.04    0.08    0.09 v input2/X (sky130_fd_sc_hd__clkbuf_1)
     1    0.01                           net2 (net)
                  0.04    0.00    0.09 v _1_/A (sky130_fd_sc_hd__and2_1)
                  0.03    0.12    0.21 v _1_/X (sky130_fd_sc_hd__and2_1)
     1    0.00                           _0_ (net)
                  0.03    0.00    0.21 v _2_/A (sky130_fd_sc_hd__clkbuf_1)
                  0.04    0.09    0.30 v _2_/X (sky130_fd_sc_hd__clkbuf_1)
     1    0.01                           net3 (net)
                  0.04    0.00    0.30 v output3/A (sky130_fd_sc_hd__buf_2)
                  0.09    0.17    0.47 v output3/X (sky130_fd_sc_hd__buf_2)
     1    0.03                           y (net)
                  0.09    0.00    0.47 v y (out)
                                  0.47   data arrival time

                  0.00    0.00    0.00   clock __VIRTUAL_CLK__ (rise edge)
                          0.00    0.00   clock network delay (ideal)
                          0.25    0.25   clock uncertainty
                          0.00    0.25   clock reconvergence pessimism
                          0.00    0.25   output external delay
                                  0.25   data required time
-----------------------------------------------------------------------------
                                  0.25   data required time
                                 -0.47   data arrival time
-----------------------------------------------------------------------------
                                  0.22   slack (MET)



