Instance name,  X location,  Y location,  Voltage 
FILLER_0_27_165, 86.5, 87.04, 1.7159e-10
FILLER_0_27_181, 86.5, 81.6, 1.83228e-10
FILLER_0_25_181, 86.5, 76.16, 1.83359e-10
FILLER_0_23_181, 86.5, 70.72, 1.81081e-10
FILLER_0_21_181, 86.5, 65.28, 1.77437e-10
FILLER_0_19_181, 86.5, 59.84, 1.73129e-10
FILLER_0_17_181, 86.5, 54.4, 1.6874e-10
FILLER_0_15_181, 86.5, 48.96, 1.63079e-10
FILLER_0_13_181, 86.5, 43.52, 1.56194e-10
FILLER_0_11_181, 86.5, 38.08, 1.60704e-10
FILLER_0_7_169, 86.5, 32.64, 1.7243e-10
FILLER_0_9_181, 86.5, 32.64, 1.7243e-10
output3, 86.5, 27.2, 1.79559e-10
FILLER_0_5_181, 86.5, 21.76, 1.72815e-10
FILLER_0_3_181, 86.5, 16.32, 1.75844e-10
FILLER_0_0_165, 86.5, 10.88, 1.8506e-10
FILLER_0_0_181, 86.5, 10.88, 1.8506e-10
FILLER_0_1_181, 86.5, 10.88, 1.8506e-10
FILLER_0_26_133, 64.305, 81.6, 1.77573e-10
FILLER_0_27_137, 64.305, 81.6, 1.77573e-10
FILLER_0_24_133, 64.305, 76.16, 1.7003e-10
FILLER_0_22_133, 64.305, 70.72, 1.6678e-10
FILLER_0_20_133, 64.305, 65.28, 1.62271e-10
FILLER_0_18_133, 64.305, 59.84, 1.56604e-10
FILLER_0_16_133, 64.305, 54.4, 1.49862e-10
FILLER_0_14_133, 64.305, 48.96, 1.41888e-10
FILLER_0_12_133, 64.305, 43.52, 1.32694e-10
FILLER_0_10_133, 64.305, 38.08, 1.3832e-10
FILLER_0_8_133, 64.305, 32.64, 1.47005e-10
FILLER_0_6_133, 64.305, 27.2, 1.57729e-10
FILLER_0_4_133, 64.305, 21.76, 1.55109e-10
FILLER_0_2_133, 64.305, 16.32, 1.57995e-10
FILLER_0_0_137, 64.305, 10.88, 1.64994e-10
FILLER_0_26_77, 42.11, 81.6, 1.8109e-10
FILLER_0_27_81, 42.11, 81.6, 1.8109e-10
FILLER_0_24_77, 42.11, 76.16, 1.62673e-10
FILLER_0_22_77, 42.11, 70.72, 1.58086e-10
FILLER_0_20_77, 42.11, 65.28, 1.52201e-10
FILLER_0_18_77, 42.11, 59.84, 1.44425e-10
FILLER_0_16_77, 42.11, 54.4, 1.34266e-10
FILLER_0_14_77, 42.11, 48.96, 1.22678e-10
FILLER_0_12_77, 42.11, 43.52, 1.09591e-10
FILLER_0_10_77, 42.11, 38.08, 1.17651e-10
FILLER_0_8_77, 42.11, 32.64, 1.28393e-10
FILLER_0_6_76, 42.11, 27.2, 1.55053e-10
FILLER_0_4_77, 42.11, 21.76, 1.42528e-10
FILLER_0_2_77, 42.11, 16.32, 1.45657e-10
FILLER_0_0_81, 42.11, 10.88, 1.53225e-10
PHY_54, 5.52, 87.04, 1.7069e-10
PHY_55, 94.3, 87.04, 1.78172e-10
FILLER_0_27_53, 31.012, 87.04, 1.60877e-10
PHY_50, 5.52, 81.6, 2.05019e-10
PHY_52, 5.52, 81.6, 2.05019e-10
PHY_51, 94.3, 81.6, 1.96391e-10
PHY_53, 94.3, 81.6, 1.96391e-10
input2, 31.012, 81.6, 1.99022e-10
FILLER_0_25_51, 31.012, 81.6, 1.99022e-10
FILLER_0_27_57, 31.012, 81.6, 1.99022e-10
FILLER_0_27_109, 53.207, 81.6, 1.84013e-10
PHY_46, 5.52, 76.16, 1.88942e-10
PHY_48, 5.52, 76.16, 1.88942e-10
PHY_47, 94.3, 76.16, 1.96521e-10
PHY_49, 94.3, 76.16, 1.96521e-10
FILLER_0_23_51, 31.012, 76.16, 1.68344e-10
FILLER_0_25_105, 53.207, 76.16, 1.71033e-10
FILLER_0_25_161, 75.402, 76.16, 1.81376e-10
PHY_42, 5.52, 70.72, 1.84627e-10
PHY_44, 5.52, 70.72, 1.84627e-10
PHY_43, 94.3, 70.72, 1.94244e-10
PHY_45, 94.3, 70.72, 1.94244e-10
FILLER_0_21_51, 31.012, 70.72, 1.63893e-10
FILLER_0_23_105, 53.207, 70.72, 1.67115e-10
FILLER_0_23_161, 75.402, 70.72, 1.78612e-10
PHY_38, 5.52, 65.28, 1.7906e-10
PHY_40, 5.52, 65.28, 1.7906e-10
PHY_39, 94.3, 65.28, 1.90599e-10
PHY_41, 94.3, 65.28, 1.90599e-10
FILLER_0_19_51, 31.012, 65.28, 1.58166e-10
FILLER_0_21_105, 53.207, 65.28, 1.61917e-10
FILLER_0_21_161, 75.402, 65.28, 1.74535e-10
PHY_34, 5.52, 59.84, 1.72025e-10
PHY_36, 5.52, 59.84, 1.72025e-10
PHY_35, 94.3, 59.84, 1.86292e-10
PHY_37, 94.3, 59.84, 1.86292e-10
FILLER_0_17_51, 31.012, 59.84, 1.50761e-10
FILLER_0_19_105, 53.207, 59.84, 1.55196e-10
FILLER_0_19_161, 75.402, 59.84, 1.69548e-10
PHY_30, 5.52, 54.4, 1.63353e-10
PHY_32, 5.52, 54.4, 1.63353e-10
PHY_31, 94.3, 54.4, 1.81903e-10
PHY_33, 94.3, 54.4, 1.81903e-10
FILLER_0_15_51, 31.012, 54.4, 1.41346e-10
FILLER_0_17_105, 53.207, 54.4, 1.46745e-10
FILLER_0_17_161, 75.402, 54.4, 1.63983e-10
PHY_26, 5.52, 48.96, 1.53437e-10
PHY_28, 5.52, 48.96, 1.53437e-10
PHY_27, 94.3, 48.96, 1.76242e-10
PHY_29, 94.3, 48.96, 1.76242e-10
FILLER_0_13_51, 31.012, 48.96, 1.30593e-10
FILLER_0_15_105, 53.207, 48.96, 1.36964e-10
FILLER_0_15_161, 75.402, 48.96, 1.57165e-10
PHY_22, 5.52, 43.52, 1.42285e-10
PHY_24, 5.52, 43.52, 1.42285e-10
PHY_23, 94.3, 43.52, 1.69357e-10
PHY_25, 94.3, 43.52, 1.69357e-10
FILLER_0_11_51, 31.012, 43.52, 1.18474e-10
FILLER_0_13_105, 53.207, 43.52, 1.25824e-10
FILLER_0_13_161, 75.402, 43.52, 1.49125e-10
PHY_18, 5.52, 38.08, 1.49026e-10
PHY_20, 5.52, 38.08, 1.49026e-10
PHY_19, 94.3, 38.08, 1.73867e-10
PHY_21, 94.3, 38.08, 1.73867e-10
FILLER_0_9_51, 31.012, 38.08, 1.25874e-10
FILLER_0_11_105, 53.207, 38.08, 1.32667e-10
FILLER_0_11_161, 75.402, 38.08, 1.54194e-10
PHY_14, 5.52, 32.64, 1.57861e-10
PHY_16, 5.52, 32.64, 1.57861e-10
PHY_15, 94.3, 32.64, 1.85593e-10
PHY_17, 94.3, 32.64, 1.85593e-10
FILLER_0_7_51, 31.012, 32.64, 1.35663e-10
FILLER_0_9_105, 53.207, 32.64, 1.42381e-10
FILLER_0_9_161, 75.402, 32.64, 1.64399e-10
PHY_10, 5.52, 27.2, 1.86189e-10
PHY_12, 5.52, 27.2, 1.86189e-10
PHY_11, 94.3, 27.2, 1.92721e-10
PHY_13, 94.3, 27.2, 1.92721e-10
_1_, 31.012, 27.2, 1.87847e-10
_2_, 31.012, 27.2, 1.87847e-10
FILLER_0_5_51, 31.012, 27.2, 1.87847e-10
FILLER_0_6_53, 31.012, 27.2, 1.87847e-10
FILLER_0_7_57, 31.012, 27.2, 1.87847e-10
FILLER_0_7_105, 53.207, 27.2, 1.61073e-10
FILLER_0_7_161, 75.402, 27.2, 1.73325e-10
PHY_6, 5.52, 21.76, 1.69926e-10
PHY_8, 5.52, 21.76, 1.69926e-10
PHY_7, 94.3, 21.76, 1.85978e-10
PHY_9, 94.3, 21.76, 1.85978e-10
FILLER_0_3_51, 31.012, 21.76, 1.48763e-10
FILLER_0_5_105, 53.207, 21.76, 1.535e-10
FILLER_0_5_161, 75.402, 21.76, 1.68643e-10
PHY_2, 5.52, 16.32, 1.72979e-10
PHY_4, 5.52, 16.32, 1.72979e-10
PHY_3, 94.3, 16.32, 1.89007e-10
PHY_5, 94.3, 16.32, 1.89007e-10
FILLER_0_1_51, 31.012, 16.32, 1.51854e-10
FILLER_0_3_105, 53.207, 16.32, 1.56508e-10
FILLER_0_3_161, 75.402, 16.32, 1.71601e-10
PHY_0, 5.52, 10.88, 1.95027e-10
input1, 5.52, 10.88, 1.95027e-10
FILLER_0_0_3, 5.52, 10.88, 1.95027e-10
PHY_1, 94.3, 10.88, 1.91642e-10
FILLER_0_0_21, 12.717, 10.88, 1.80665e-10
FILLER_0_0_53, 31.012, 10.88, 1.61408e-10
FILLER_0_0_109, 53.207, 10.88, 1.68473e-10
FILLER_0_1_105, 53.207, 10.88, 1.68473e-10
FILLER_0_1_161, 75.402, 10.88, 1.79708e-10

