
===========================================================================
report_checks -path_delay min (Hold)
============================================================================
======================= Typical Corner ===================================

Startpoint: b (input port clocked by __VIRTUAL_CLK__)
Endpoint: y (output port clocked by __VIRTUAL_CLK__)
Path Group: __VIRTUAL_CLK__
Path Type: min

Fanout     Cap    Slew   Delay    Time   Description
-----------------------------------------------------------------------------
                  0.00    0.00    0.00   clock __VIRTUAL_CLK__ (rise edge)
                          0.00    0.00   clock network delay (ideal)
                          0.00    0.00 ^ input external delay
                  0.03    0.02    0.02 ^ b (in)
     1    0.01                           b (net)
                  0.03    0.00    0.02 ^ input2/A (sky130_fd_sc_hd__buf_6)
                  0.02    0.07    0.09 ^ input2/X (sky130_fd_sc_hd__buf_6)
     1    0.00                           net2 (net)
                  0.02    0.00    0.09 ^ _1_/A (sky130_fd_sc_hd__and2_4)
                  0.04    0.11    0.20 ^ _1_/X (sky130_fd_sc_hd__and2_4)
     1    0.01                           _0_ (net)
                  0.04    0.00    0.20 ^ _2_/A (sky130_fd_sc_hd__buf_6)
                  0.04    0.09    0.29 ^ _2_/X (sky130_fd_sc_hd__buf_6)
     1    0.01                           net3 (net)
                  0.04    0.00    0.29 ^ output3/A (sky130_fd_sc_hd__buf_8)
                  0.06    0.11    0.40 ^ output3/X (sky130_fd_sc_hd__buf_8)
     1    0.03                           y (net)
                  0.06    0.00    0.40 ^ y (out)
                                  0.40   data arrival time

                  0.00    0.00    0.00   clock __VIRTUAL_CLK__ (rise edge)
                          0.00    0.00   clock network delay (ideal)
                          0.25    0.25   clock uncertainty
                          0.00    0.25   clock reconvergence pessimism
                          0.00    0.25   output external delay
                                  0.25   data required time
-----------------------------------------------------------------------------
                                  0.25   data required time
                                 -0.40   data arrival time
-----------------------------------------------------------------------------
                                  0.15   slack (MET)



